
Gurobi 13.0.3 (win64) logging started Sat Sep 12 22:57:22 2026

Set parameter LogFile to value "results\yspace_oldcompare_gurobi_60_c.log"

Gurobi 13.0.3 (win64) logging started Sat Sep 12 22:57:22 2026

Set parameter LogFile to value "results\yspace_oldcompare_gurobi_60_c.log"
Warning for adding constraints: zero or small (< 1e-13) coefficients, ignored
Gurobi Optimizer version 13.0.3 build v13.0.3rc0 (win64 - Windows 11+.0 (26200.2))

CPU model: Intel(R) Core(TM) Ultra 5 225H, instruction set [SSE2|AVX|AVX2]
Thread count: 14 physical cores, 14 logical processors, using up to 14 threads

Non-default parameters:
TimeLimit  300
NonConvex  2

Optimize a model with 22 rows, 220 columns and 2550 nonzeros (Max)
Model fingerprint: 0xcd9b2908
Model has 0 linear objective coefficients
Model has 8817 quadratic objective terms
Coefficient statistics:
  Matrix range     [4e-05, 1e+02]
  Objective range  [0e+00, 0e+00]
  QObjective range [9e-05, 9e+01]
  Bounds range     [1e-02, 9e-01]
  RHS range        [1e+00, 1e+00]

Presolve removed 0 rows and 2 columns

Continuous model is non-convex -- solving as a MIP


Presolve added 2 rows and 0 columns
Presolve removed 0 rows and 6 columns
Presolve time: 0.03s
Presolved: 17525 rows, 9033 columns, 45545 nonzeros
Presolved model has 8817 bilinear constraint(s)
Variable types: 9033 continuous, 0 integer (0 binary)
Found heuristic solution: objective 0.1127736

Root relaxation: objective 6.377850e+00, 5620 iterations, 0.38 seconds (0.18 work units)

    Nodes    |    Current Node    |     Objective Bounds      |     Work
 Expl Unexpl |  Obj  Depth IntInf | Incumbent    BestBd   Gap | It/Node Time

     0     0    6.37785    0   28    0.11277    6.37785  5555%     -    0s
     0     0    1.21162    0  287    0.11277    1.21162   974%     -    1s
H    0     0                       0.1127738    1.21162   974%     -    1s
H    0     0                       0.1127740    1.21162   974%     -    1s
H    0     0                       0.1127741    1.21162   974%     -    1s
H    0     0                       0.1127743    1.21162   974%     -    1s
H    0     0                       0.1127744    1.21162   974%     -    1s
H    0     0                       0.1127745    1.21162   974%     -    1s
     0     0    0.71250    0  494    0.11277    0.71250   532%     -    1s
     0     0    0.70859    0  628    0.11277    0.70859   528%     -    1s
     0     0    0.48896    0  585    0.11277    0.48896   334%     -    2s
     0     0    0.48405    0  599    0.11277    0.48405   329%     -    2s
     0     0    0.45513    0  698    0.11277    0.45513   304%     -    2s
     0     0    0.45188    0  682    0.11277    0.45188   301%     -    2s
     0     0    0.43994    0  451    0.11277    0.43994   290%     -    3s
     0     0    0.43718    0  445    0.11277    0.43718   288%     -    3s
     0     0    0.42120    0  738    0.11277    0.42120   273%     -    3s
     0     0    0.42120    0  738    0.11277    0.42120   273%     -    3s
     0     2    0.42120    0  739    0.11277    0.42120   273%     -    4s
     1     4    0.41397    1  669    0.11277    0.42120   273%   728    5s
   116   129    0.32597   10  515    0.11277    0.39607   251%   530   10s
   257   260    0.27487   18  685    0.11277    0.39607   251%   447   15s
   387   377    0.23810   23  740    0.11277    0.38525   242%   402   20s
   581   541    0.20444   28 2376    0.11277    0.38525   242%   358   25s
   781   661    0.14763   34 2657    0.11277    0.35715   217%   342   30s
   998   819    0.12387   40 2850    0.11277    0.35217   212%   337   35s
  1215   966    0.14889   45 3054    0.11277    0.35145   212%   330   41s
  1387  1110    0.14031   50 3310    0.11277    0.32897   192%   326   46s
  1528  1212    0.12210   56 3365    0.11277    0.32897   192%   322   50s
  1840  1435    0.24643   16  547    0.11277    0.32597   189%   317   56s
  2002  1520    0.18391   27 2361    0.11277    0.31918   183%   317   60s
  2277  1718    0.13252   44 3006    0.11277    0.31224   177%   314   66s
  2498  1868    0.23315   18  498    0.11277    0.31041   175%   312   70s
  2612  1869    0.22605   17    0    0.11277    0.30387   169%   311   96s
H 2614  1776                       0.1127752    0.30387   169%   311   98s
  2616  1778    0.12102   11    0    0.11278    0.30387   169%   311  101s
  2618  1779    0.16751   10    0    0.11278    0.30387   169%   311  105s
  2625  1784    0.12256   34    0    0.11278    0.30387   169%   310  110s
  2634  1790    0.13909   28    0    0.11278    0.30387   169%   309  115s
  2642  1795    0.26008   14    0    0.11278    0.30387   169%   308  120s
  2652  1802    0.16575   24    0    0.11278    0.30387   169%   307  125s
  2663  1809    0.19677   34    0    0.11278    0.30387   169%   305  130s
  2665  1813    0.30387   12 1827    0.11278    0.30387   169%   320  149s
  2667  1817    0.30387   13 1826    0.11278    0.30387   169%   321  157s
  2671  1823    0.30387   14 1924    0.11278    0.30387   169%   323  168s
  2679  1835    0.30387   15 1962    0.11278    0.30387   169%   336  174s
  2693  1860    0.30387   16 1993    0.11278    0.30387   169%   341  186s
  2723  1881    0.26991   17 1867    0.11278    0.30387   169%   350  196s
  2754  1897    0.30387   18 2046    0.11278    0.30387   169%   367  203s
H 2759  1804                       0.1127752    0.30387   169%   371  203s
  2780  1833    0.20491   19 1849    0.11278    0.30387   169%   387  210s
  2816  1846    0.30387   20 1842    0.11278    0.30387   169%   400  218s
  2843  1861    0.19330   21 1809    0.11278    0.30387   169%   420  229s
  2867  1884    0.20731   22 1530    0.11278    0.30387   169%   441  238s
H 2869  1796                       0.1127782    0.30387   169%   441  238s
H 2877  1711                       0.1127787    0.30387   169%   443  238s
H 2892  1628                       0.1127850    0.30387   169%   448  238s
  2898  1661    0.30387   23 1283    0.11278    0.30387   169%   452  247s
  2939  1685    0.28551   24 1428    0.11278    0.30387   169%   461  254s
  2987  1711    0.21975   25 1136    0.11278    0.30387   169%   468  260s
  3031  1734    0.29943   26  999    0.11278    0.30387   169%   474  266s
  3077  1753    0.28559   28 1107    0.11278    0.30387   169%   477  272s
  3121  1785    0.23116   30  958    0.11278    0.30387   169%   481  281s
  3174  1816    0.24213   31  862    0.11278    0.30387   169%   486  286s
  3226  1840    0.23972   33 1078    0.11278    0.30387   169%   490  294s
  3282  1888    0.22752   35  818    0.11278    0.30387   169%   497  299s

Cutting planes:
  RLT: 203
  BQP: 105
  PSD: 12

Explored 3364 nodes (1683725 simplex iterations) in 300.20 seconds (264.37 work units)
Thread count was 14 (of 14 available processors)

Solution count 9: 0.112785 0.112779 0.112778 ... 0.112774

Time limit reached
Best objective 1.127736323966e-01, best bound 3.038686818147e-01, gap 169.4501%

User-callback calls 8080, time in user-callback 0.02 sec
