
Gurobi 13.0.3 (win64) logging started Sat Sep 12 23:02:56 2026

Set parameter LogFile to value "results\yspace_gurobi_118_ieee.log"

Gurobi 13.0.3 (win64) logging started Sat Sep 12 23:02:56 2026

Set parameter LogFile to value "results\yspace_gurobi_118_ieee.log"
Warning for adding constraints: zero or small (< 1e-13) coefficients, ignored
Gurobi Optimizer version 13.0.3 build v13.0.3rc0 (win64 - Windows 11+.0 (26200.2))

CPU model: Intel(R) Core(TM) Ultra 5 225H, instruction set [SSE2|AVX|AVX2]
Thread count: 14 physical cores, 14 logical processors, using up to 14 threads

Non-default parameters:
TimeLimit  300
NonConvex  2

Optimize a model with 118 rows, 509 columns and 39115 nonzeros (Max)
Model fingerprint: 0x7103cd5a
Model has 0 linear objective coefficients
Model has 99 quadratic objective terms
Coefficient statistics:
  Matrix range     [2e-06, 7e+01]
  Objective range  [0e+00, 0e+00]
  QObjective range [2e+00, 2e+00]
  Bounds range     [1e-02, 1e+01]
  RHS range        [1e+00, 1e+00]

Presolve removed 0 rows and 4 columns

Continuous model is non-convex -- solving as a MIP


Presolve added 23 rows and 19 columns
Presolve time: 0.14s
Presolved: 241 rows, 629 columns, 24501 nonzeros
Presolved model has 99 bilinear constraint(s)
Variable types: 629 continuous, 0 integer (0 binary)
Found heuristic solution: objective 1.7247361

Root relaxation: objective 1.427510e+01, 290 iterations, 0.02 seconds (0.01 work units)

    Nodes    |    Current Node    |     Objective Bounds      |     Work
 Expl Unexpl |  Obj  Depth IntInf | Incumbent    BestBd   Gap | It/Node Time

     0     0   14.27510    0   99    1.72474   14.27510   728%     -    0s
     0     0   12.96143    0   91    1.72474   12.96143   652%     -    0s
H    0     0                       2.2276676   12.96143   482%     -    0s
     0     0   12.64671    0   89    2.22767   12.64671   468%     -    0s
     0     0   12.59296    0   89    2.22767   12.59296   465%     -    0s
     0     0   12.56608    0   89    2.22767   12.56608   464%     -    0s
     0     0   12.56594    0   94    2.22767   12.56594   464%     -    0s
     0     0   12.56594    0   94    2.22767   12.56594   464%     -    0s
     0     2   12.56594    0   94    2.22767   12.56594   464%     -    0s
* 2414  2490              85       2.2276681   11.75088   427%   0.9    1s
* 3830  3761              84       2.2276683   11.74791   427%   0.9    2s
* 3970  3866              84       2.2276683   11.74791   427%   0.9    2s
* 4102  3957              84       2.2276683   11.74791   427%   0.9    2s
* 4140  3957              84       2.2276685   11.74791   427%   0.9    2s
H 4659  4318                       2.2386250   11.66613   421%   1.0    3s
H 4669  4096                       2.2386250   11.66613   421%   1.0    4s
H 4669  3891                       2.2394863   11.66613   421%   1.0    4s
  5235  4387    6.73056   36   85    2.23949   11.26792   403%   1.1    5s
 31788 24882    2.43715   81   85    2.23949   10.37772   363%   1.2   10s
 44507 36196    7.37999   39   62    2.23949   10.17966   355%   1.3   15s
 66021 52950    2.43630   81   90    2.23949   10.16749   354%   1.3   20s
 89082 70818    5.30873   56   44    2.23949    9.96943   345%   1.4   25s
 110750 89971 infeasible   67         2.23949    9.96943   345%   1.3   30s
H123902 97219                       2.3667952    9.96943   321%   1.3   33s
 133609 107948    8.54089   31   70    2.36680    9.96607   321%   1.3   35s
 165306 137800    3.98370   69   33    2.36680    9.96607   321%   1.1   40s
H171842 144479                       2.3667952    9.96607   321%   1.1   41s
H172456 144479                       2.3667953    9.96607   321%   1.1   41s
H172516 144479                       2.3667953    9.96607   321%   1.1   41s
 182574 154156 infeasible   90         2.36680    9.96607   321%   1.1   45s
 204308 170243    3.34991   69   35    2.36680    9.79410   314%   1.2   50s
 225486 186786    2.51744   80   88    2.36680    9.76801   313%   1.2   55s
 244087 202895    2.48394   80   27    2.36680    9.76801   313%   1.2   60s
 262541 217364    4.34617   59   45    2.36680    9.76801   313%   1.3   65s
 280622 233003 infeasible   90         2.36680    9.76801   313%   1.3   70s
 296612 244642    4.36453   51   56    2.36680    9.64151   307%   1.3   75s
 313916 258481    4.12084   65   82    2.36680    9.61101   306%   1.3   80s
 328888 269726    2.59387   87   13    2.36680    9.59741   306%   1.4   85s
 344650 282741    7.80445   32   72    2.36680    9.59604   305%   1.4   90s
 362309 296604    3.26021   70   34    2.36680    9.59604   305%   1.4   95s
 379023 310479    5.85651   46   58    2.36680    9.58974   305%   1.4  100s
 394215 323988    7.67495   37   65    2.36680    9.58974   305%   1.4  105s
 412227 337919    3.26021   70   34    2.36680    9.58974   305%   1.4  110s
 426863 350671    2.90789   82   18    2.36680    9.58974   305%   1.4  115s
 438421 359825    2.65605   87   14    2.36680    9.58974   305%   1.4  120s
 450034 370374 infeasible   82         2.36680    9.58974   305%   1.4  125s
 461271 377677 infeasible   82         2.36680    9.58974   305%   1.4  130s
 474415 388872    2.43223   81   63    2.36680    9.58974   305%   1.4  135s
 476988 402007    2.43612   81   87    2.36680    9.58974   305%   1.4  141s
 499659 410961    2.99524   81   19    2.36680    9.58974   305%   1.4  145s
 511648 421750 infeasible   91         2.36680    9.58974   305%   1.4  150s
 524477 431377    2.51012   80   91    2.36680    9.57534   305%   1.4  155s
 535794 439805 infeasible   89         2.36680    9.54308   303%   1.4  160s
 546725 448536    2.93997   64   46    2.36680    9.52617   302%   1.4  165s
 556546 454773    4.23703   55   79    2.36680    9.46528   300%   1.4  170s
 568824 461411    2.58412   79   86    2.36680    9.42428   298%   1.5  175s
 578915 471259    3.54294   74   26    2.36680    9.42428   298%   1.5  180s
 591892 482425    6.36503   42   62    2.36680    9.42279   298%   1.5  185s
 602624 490652 infeasible   73         2.36680    9.41914   298%   1.5  190s
 614267 500731 infeasible   90         2.36680    9.41914   298%   1.5  195s
 628155 512322    4.35770   65   35    2.36680    9.41914   298%   1.5  200s
 637679 519786    2.99524   82   19    2.36680    9.41914   298%   1.5  205s
 649086 529375    2.76024   77   89    2.36680    9.41914   298%   1.5  210s
 661340 538791 infeasible   90         2.36680    9.41914   298%   1.5  215s
 675420 551228 infeasible   82         2.36680    9.41914   298%   1.5  220s
 686585 559636    7.80764   36   65    2.36680    9.41914   298%   1.5  225s
 705846 578653    5.08777   58   42    2.36680    9.41914   298%   1.5  230s
 720127 593335    3.54294   74   26    2.36680    9.41914   298%   1.4  235s
 729630 602363    2.71606   85   15    2.36680    9.41914   298%   1.4  240s
 736725 606988    9.08738   27   75    2.36680    9.41914   298%   1.4  245s
 748405 617397    2.71606   86   15    2.36680    9.41798   298%   1.4  250s
 759142 626567    3.54294   74   26    2.36680    9.41798   298%   1.4  255s
 770156 636865    9.24601   27   76    2.36680    9.41798   298%   1.4  260s
 786904 651392    2.46941   73   36    2.36680    9.41798   298%   1.4  265s
 797928 661575    3.21832   78   22    2.36680    9.41798   298%   1.4  270s
 807223 670054 infeasible   67         2.36680    9.41798   298%   1.4  275s
 815988 676409    2.59856   79   29    2.36680    9.41798   298%   1.4  280s
 827189 685782    6.36503   42   62    2.36680    9.41798   298%   1.4  285s
 836018 692516    2.51497   80   56    2.36680    9.41798   298%   1.4  290s
 848720 702969    2.51803   80   29    2.36680    9.41798   298%   1.4  295s
 854747 712973    2.59546   80   30    2.36680    9.41798   298%   1.4  300s

Cutting planes:
  RLT: 50

Explored 861750 nodes (1199482 simplex iterations) in 300.10 seconds (119.98 work units)
Thread count was 14 (of 14 available processors)

Solution count 6: 2.3668 2.3668 2.23949 ... 1.72474

Time limit reached
Best objective 2.366795297894e+00, best bound 9.417980410644e+00, gap 297.9212%

User-callback calls 4200, time in user-callback 0.03 sec
