
Gurobi 13.0.3 (win64) logging started Sat Sep 12 22:56:44 2026

Set parameter LogFile to value "results\yspace_gurobi_57_ieee.log"

Gurobi 13.0.3 (win64) logging started Sat Sep 12 22:56:44 2026

Set parameter LogFile to value "results\yspace_gurobi_57_ieee.log"
Warning for adding constraints: zero or small (< 1e-13) coefficients, ignored
Gurobi Optimizer version 13.0.3 build v13.0.3rc0 (win64 - Windows 11+.0 (26200.2))

CPU model: Intel(R) Core(TM) Ultra 5 225H, instruction set [SSE2|AVX|AVX2]
Thread count: 14 physical cores, 14 logical processors, using up to 14 threads

Non-default parameters:
TimeLimit  300
NonConvex  2

Optimize a model with 46 rows, 210 columns and 7257 nonzeros (Max)
Model fingerprint: 0x0da72275
Model has 0 linear objective coefficients
Model has 42 quadratic objective terms
Coefficient statistics:
  Matrix range     [1e-05, 2e+01]
  Objective range  [0e+00, 0e+00]
  QObjective range [2e+00, 2e+00]
  Bounds range     [6e-02, 6e+00]
  RHS range        [1e+00, 1e+00]


Continuous model is non-convex -- solving as a MIP


Presolve added 9 rows and 9 columns
Presolve time: 0.03s
Presolved: 98 rows, 263 columns, 4676 nonzeros
Presolved model has 42 bilinear constraint(s)
Variable types: 263 continuous, 0 integer (0 binary)
Found heuristic solution: objective 18.2739227

Root relaxation: objective 3.649729e+01, 106 iterations, 0.00 seconds (0.00 work units)

    Nodes    |    Current Node    |     Objective Bounds      |     Work
 Expl Unexpl |  Obj  Depth IntInf | Incumbent    BestBd   Gap | It/Node Time

     0     0   36.49729    0   41   18.27392   36.49729   100%     -    0s
     0     0   34.69471    0   38   18.27392   34.69471  89.9%     -    0s
H    0     0                      18.2739228   34.69471  89.9%     -    0s
     0     0   31.88875    0   37   18.27392   31.88875  74.5%     -    0s
     0     0   31.87592    0   38   18.27392   31.87592  74.4%     -    0s
     0     0   31.87592    0   37   18.27392   31.87592  74.4%     -    0s
     0     0   31.87592    0   38   18.27392   31.87592  74.4%     -    0s
     0     0   31.87592    0   37   18.27392   31.87592  74.4%     -    0s
     0     0   29.58817    0   40   18.27392   29.58817  61.9%     -    0s
     0     0   29.57517    0   40   18.27392   29.57517  61.8%     -    0s
     0     0   29.57517    0   40   18.27392   29.57517  61.8%     -    0s
     0     0   28.52167    0   40   18.27392   28.52167  56.1%     -    0s
     0     0   28.49021    0   40   18.27392   28.49021  55.9%     -    0s
     0     0   27.25817    0   40   18.27392   27.25817  49.2%     -    0s
     0     0   27.24764    0   40   18.27392   27.24764  49.1%     -    0s
     0     0   27.24764    0   40   18.27392   27.24764  49.1%     -    0s
     0     2   27.24764    0   40   18.27392   27.24764  49.1%     -    0s

Cutting planes:
  RLT: 24

Explored 657 nodes (1454 simplex iterations) in 0.42 seconds (0.21 work units)
Thread count was 14 (of 14 available processors)

Solution count 1: 18.2739 

Optimal solution found (tolerance 1.00e-04)
Best objective 1.827392276537e+01, best bound 1.827392276537e+01, gap 0.0000%

User-callback calls 106, time in user-callback 0.00 sec
