
Gurobi 13.0.3 (win64) logging started Sat Sep 12 22:54:18 2026

Set parameter LogFile to value "results\yspace_oldcompare_gurobi_5_pjm.log"

Gurobi 13.0.3 (win64) logging started Sat Sep 12 22:54:18 2026

Set parameter LogFile to value "results\yspace_oldcompare_gurobi_5_pjm.log"
Gurobi Optimizer version 13.0.3 build v13.0.3rc0 (win64 - Windows 11+.0 (26200.2))

CPU model: Intel(R) Core(TM) Ultra 5 225H, instruction set [SSE2|AVX|AVX2]
Thread count: 14 physical cores, 14 logical processors, using up to 14 threads

Non-default parameters:
TimeLimit  300
NonConvex  2

Optimize a model with 5 rows, 22 columns and 82 nonzeros (Max)
Model fingerprint: 0x37f3a46c
Model has 0 linear objective coefficients
Model has 105 quadratic objective terms
Coefficient statistics:
  Matrix range     [2e-01, 1e+01]
  Objective range  [0e+00, 0e+00]
  QObjective range [1e-01, 1e+01]
  Bounds range     [1e-01, 3e+00]
  RHS range        [1e+00, 1e+00]


Continuous model is non-convex -- solving as a MIP


Presolve time: 0.00s
Presolved: 202 rows, 129 columns, 580 nonzeros
Presolved model has 105 bilinear constraint(s)
Variable types: 129 continuous, 0 integer (0 binary)
Found heuristic solution: objective 0.1590795

Root relaxation: objective 9.483911e-01, 83 iterations, 0.00 seconds (0.00 work units)

    Nodes    |    Current Node    |     Objective Bounds      |     Work
 Expl Unexpl |  Obj  Depth IntInf | Incumbent    BestBd   Gap | It/Node Time

     0     0    0.94839    0   15    0.15908    0.94839   496%     -    0s
     0     0    0.28302    0    1    0.15908    0.28302  77.9%     -    0s
     0     0    0.28302    0    1    0.15908    0.28302  77.9%     -    0s
     0     0    0.23536    0    1    0.15908    0.23536  47.9%     -    0s
     0     0    0.20813    0    1    0.15908    0.20813  30.8%     -    0s
     0     0    0.18939    0   14    0.15908    0.18939  19.1%     -    0s
     0     0    0.18907    0   14    0.15908    0.18907  18.9%     -    0s
     0     0    0.18582    0    1    0.15908    0.18582  16.8%     -    0s
     0     0    0.18486    0    2    0.15908    0.18486  16.2%     -    0s
     0     0    0.18486    0    2    0.15908    0.18486  16.2%     -    0s
     0     2    0.18486    0    2    0.15908    0.18486  16.2%     -    0s
H    4     2                       0.1590795    0.17752  11.6%   8.0    0s

Cutting planes:
  RLT: 16

Explored 9 nodes (218 simplex iterations) in 0.04 seconds (0.01 work units)
Thread count was 14 (of 14 available processors)

Solution count 1: 0.159079 
No other solutions better than 0.159079

Optimal solution found (tolerance 1.00e-04)
Best objective 1.590794820950e-01, best bound 1.590794820950e-01, gap 0.0000%

User-callback calls 70, time in user-callback 0.00 sec
